
[2025-12-30 14:01:25] Session session_20251230_140125 started
[2025-12-30 14:01:25] Instructions: Keep doing this until 100% done or blocked:

Keep doing this until 100% done or blocked:

Run the following REPL commands and document the output in a file called 'UI Walkthrough.md' in demo/mob_minion/docs/context/:

1. nothing (empty command)
2. status
3. help
4. scope with multiple files - use examples from src/
5. scope with multiple stories - use examples from docs/stories/story-graph.json
6. shape (behavior)
7. shape.clarify (behavior.action)
8. shape.clarify.instructions (behavior.action.operation)
9. next
10. back

For each command, show the command, the output, and explain what happens.



Do NOT ask questions or wait for user input - just complete the work autonomously.

If blocked, report reason clearly.
[2025-12-30 14:02:16] Loop 1: Completed
[2025-12-30 14:02:36] Completion check: COMPLETED
[2025-12-30 14:02:36] Completed: Work is truly complete