
[2025-12-30 14:01:11] Session session_20251230_140111 started
[2025-12-30 14:01:11] Instructions: Keep doing this until 100% done or blocked:

Keep doing this until 100% done or blocked:

Run the following REPL commands and document the output in a file called 'UI Walkthrough.md' in demo/mob_minion/docs/context/:



1. nothing (empty command)

2. status

3. help

4. scope with multiple files - use examples from src directory

5. scope with multiple stories - use examples from story-graph.json

6. Navigate to behavior (e.g., shape)

7. Navigate to behavior.action (e.g., shape.build)

8. Navigate to behavior.action.instructions (e.g., shape.build.instructions)

9. Run 'next' command

10. Run 'back' command



For each command, capture the full output and document what happens.



Do NOT ask questions or wait for user input - just complete the work autonomously.

If blocked, report reason clearly.
[2025-12-30 14:02:23] Loop 1: Completed
[2025-12-30 14:02:32] Completion check: COMPLETED
[2025-12-30 14:02:32] Completed: Work is truly complete